******************************************************************************
                  MSP430 Linker PC v4.2.1                      
******************************************************************************
>> Linked Thu Jul 10 10:54:54 2014

OUTPUT FILE NAME:   <SmartWatch2.out>
ENTRY POINT SYMBOL: "_c_int00"  address: 0000e4c0


MEMORY CONFIGURATION

         name            origin    length      used     unused   attr    fill
----------------------  --------  ---------  --------  --------  ----  --------
  SFR                   00000000   00000010  00000000  00000010  RWIX
  PERIPHERALS_8BIT      00000010   000000f0  00000000  000000f0  RWIX
  PERIPHERALS_16BIT     00000100   00000100  00000000  00000100  RWIX
  RAM                   00000200   00000100  0000005b  000000a5  RWIX
  INFOD                 00001000   00000040  00000000  00000040  RWIX
  INFOC                 00001040   00000040  00000000  00000040  RWIX
  INFOB                 00001080   00000040  00000000  00000040  RWIX
  INFOA                 000010c0   00000040  00000000  00000040  RWIX
  FLASH                 0000e000   00001fe0  0000078e  00001852  RWIX
  INT00                 0000ffe0   00000002  00000000  00000002  RWIX
  INT01                 0000ffe2   00000002  00000000  00000002  RWIX
  INT02                 0000ffe4   00000002  00000002  00000000  RWIX
  INT03                 0000ffe6   00000002  00000002  00000000  RWIX
  INT04                 0000ffe8   00000002  00000002  00000000  RWIX
  INT05                 0000ffea   00000002  00000002  00000000  RWIX
  INT06                 0000ffec   00000002  00000000  00000002  RWIX
  INT07                 0000ffee   00000002  00000000  00000002  RWIX
  INT08                 0000fff0   00000002  00000002  00000000  RWIX
  INT09                 0000fff2   00000002  00000002  00000000  RWIX
  INT10                 0000fff4   00000002  00000002  00000000  RWIX
  INT11                 0000fff6   00000002  00000002  00000000  RWIX
  INT12                 0000fff8   00000002  00000000  00000002  RWIX
  INT13                 0000fffa   00000002  00000000  00000002  RWIX
  INT14                 0000fffc   00000002  00000002  00000000  RWIX
  RESET                 0000fffe   00000002  00000002  00000000  RWIX


SECTION ALLOCATION MAP

 output                                  attributes/
section   page    origin      length       input sections
--------  ----  ----------  ----------   ----------------
.init_array 
*          0    0000e000    00000000     UNINITIALIZED

.bss       0    00000200    0000000a     UNINITIALIZED
                  00000200    00000008     (.common:ADC_Str)
                  00000208    00000002     (.common:adc_val)

.TI.noinit 
*          0    00000200    00000000     UNINITIALIZED

.data      0    0000020a    00000001     UNINITIALIZED
                  0000020a    00000001     PCD8544.obj (.data)

.TI.persistent 
*          0    0000020a    00000000     UNINITIALIZED

.stack     0    000002b0    00000050     UNINITIALIZED
                  000002b0    00000002     rts430_eabi.lib : boot.obj (.stack)
                  000002b2    0000004e     --HOLE--

.text      0    0000e000    0000057e     
                  0000e000    00000142     ADC_and_LCD.obj (.text:main)
                  0000e142    0000007e     PCD8544.obj (.text:LCD_init)
                  0000e1c0    00000064     ADC_and_LCD.obj (.text:convertADC)
                  0000e224    0000005e     rts430_eabi.lib : copy_decompress_rle.obj (.text:__TI_decompress_rle_core)
                  0000e282    0000005e                     : autoinit.obj (.text:_auto_init)
                  0000e2e0    0000005c                     : lsr32.obj (.text:l_lsr_const)
                  0000e33c    00000058                     : div32u.obj (.text)
                  0000e394    0000004e     PCD8544.obj (.text:LCD_write)
                  0000e3e2    00000044     PCD8544.obj (.text:LCD_writeChar)
                  0000e426    0000002e     PCD8544.obj (.text:LCD_clear)
                  0000e454    0000002c     rts430_eabi.lib : div16s.obj (.text)
                  0000e480    00000026                     : mult32.obj (.text)
                  0000e4a6    0000001a     PCD8544.obj (.text:LCD_gotoXY)
                  0000e4c0    0000001a     rts430_eabi.lib : boot.obj (.text:_c_int00_noexit)
                  0000e4da    00000016     PCD8544.obj (.text:LCD_writeString)
                  0000e4f0    00000016     rts430_eabi.lib : div16u.obj (.text)
                  0000e506    00000014                     : copy_zero_init.obj (.text:decompress:ZI:__TI_zero_init)
                  0000e51a    00000014                     : mult16.obj (.text)
                  0000e52e    00000012                     : copy_decompress_none.obj (.text:decompress:none:__TI_decompress_none)
                  0000e540    00000012                     : memcpy.obj (.text:memcpy)
                  0000e552    00000010                     : epilog.obj (.text)
                  0000e562    00000008     ADC_and_LCD.obj (.text:ADC10_ISR)
                  0000e56a    00000006     rts430_eabi.lib : isr_trap.obj (.text:__TI_ISR_TRAP)
                  0000e570    00000006                     : copy_decompress_rle.obj (.text:decompress:rle24:__TI_decompress_rle24)
                  0000e576    00000004                     : pre_init.obj (.text:_system_pre_init)
                  0000e57a    00000004                     : exit.obj (.text:abort)

.const     0    0000e57e    000001f8     
                  0000e57e    000001e0     PCD8544.obj (.const:ASCII)
                  0000e75e    00000018     ADC_and_LCD.obj (.const:.string)

.cinit     0    0000e776    00000018     
                  0000e776    00000006     (__TI_handler_table)
                  0000e77c    00000005     (.cinit..data.load) [load image]
                  0000e781    00000001     --HOLE-- [fill = 0]
                  0000e782    00000004     (.cinit..bss.load) [load image, compression = zero_init]
                  0000e786    00000008     (__TI_cinit_table)

PORT1      0    0000ffe4    00000002     
                  0000ffe4    00000002     rts430_eabi.lib : int02.obj (.int02)

PORT2      0    0000ffe6    00000002     
                  0000ffe6    00000002     rts430_eabi.lib : int03.obj (.int03)

USI        0    0000ffe8    00000002     
                  0000ffe8    00000002     rts430_eabi.lib : int04.obj (.int04)

ADC10      0    0000ffea    00000002     
                  0000ffea    00000002     ADC_and_LCD.obj (.int05)

TIMER0_A1 
*          0    0000fff0    00000002     
                  0000fff0    00000002     rts430_eabi.lib : int08.obj (.int08)

TIMER0_A0 
*          0    0000fff2    00000002     
                  0000fff2    00000002     rts430_eabi.lib : int09.obj (.int09)

WDT        0    0000fff4    00000002     
                  0000fff4    00000002     rts430_eabi.lib : int10.obj (.int10)

COMPARATORA 
*          0    0000fff6    00000002     
                  0000fff6    00000002     rts430_eabi.lib : int11.obj (.int11)

NMI        0    0000fffc    00000002     
                  0000fffc    00000002     rts430_eabi.lib : int14.obj (.int14)

.reset     0    0000fffe    00000002     
                  0000fffe    00000002     rts430_eabi.lib : boot.obj (.reset)


LINKER GENERATED COPY TABLES

__TI_cinit_table @ 0000e786 records: 2, size/record: 4, table size: 8
	.data: load addr=0000e77c, load size=00000005 bytes, run addr=0000020a, run size=00000001 bytes, compression=copy
	.bss: load addr=0000e782, load size=00000004 bytes, run addr=00000200, run size=0000000a bytes, compression=zero_init


LINKER GENERATED HANDLER TABLE

__TI_handler_table @ 0000e776 records: 3, size/record: 2, table size: 6
	index: 0, handler: __TI_zero_init
	index: 1, handler: __TI_decompress_rle24
	index: 2, handler: __TI_decompress_none


GLOBAL SYMBOLS: SORTED ALPHABETICALLY BY Name 

address    name
--------   ----
0000004a   ADC10AE0
000001b0   ADC10CTL0
000001b2   ADC10CTL1
00000048   ADC10DTC0
00000049   ADC10DTC1
000001b4   ADC10MEM
000001bc   ADC10SA
0000e562   ADC10_ISR
00000200   ADC_Str
00000057   BCSCTL1
00000058   BCSCTL2
00000053   BCSCTL3
0000e57a   C$$EXIT
00000059   CACTL1
0000005a   CACTL2
000010fb   CALBC1_12MHZ
000010f9   CALBC1_16MHZ
000010ff   CALBC1_1MHZ
000010fd   CALBC1_8MHZ
000010fa   CALDCO_12MHZ
000010f8   CALDCO_16MHZ
000010fe   CALDCO_1MHZ
000010fc   CALDCO_8MHZ
0000005b   CAPD
00000056   DCOCTL
00000128   FCTL1
0000012a   FCTL2
0000012c   FCTL3
00000000   IE1
00000002   IFG1
0000020a   LCD_IsReverse
0000e426   LCD_clear
0000e4a6   LCD_gotoXY
0000e142   LCD_init
0000e394   LCD_write
0000e3e2   LCD_writeChar
0000e4da   LCD_writeString
00000022   P1DIR
00000025   P1IE
00000024   P1IES
00000023   P1IFG
00000020   P1IN
00000021   P1OUT
00000027   P1REN
00000026   P1SEL
00000041   P1SEL2
0000002a   P2DIR
0000002d   P2IE
0000002c   P2IES
0000002b   P2IFG
00000028   P2IN
00000029   P2OUT
0000002f   P2REN
0000002e   P2SEL
00000042   P2SEL2
00000172   TA0CCR0
00000174   TA0CCR1
00000176   TA0CCR2
00000162   TA0CCTL0
00000164   TA0CCTL1
00000166   TA0CCTL2
00000160   TA0CTL
0000012e   TA0IV
00000170   TA0R
0000007a   USICCTL
0000007a   USICKCTL
0000007b   USICNT
00000078   USICTL
00000078   USICTL0
00000079   USICTL1
0000007c   USISR
0000007d   USISRH
0000007c   USISRL
00000120   WDTCTL
00000300   __STACK_END
00000050   __STACK_SIZE
0000e786   __TI_CINIT_Base
0000e78e   __TI_CINIT_Limit
0000e776   __TI_Handler_Table_Base
0000e77c   __TI_Handler_Table_Limit
UNDEFED    __TI_INITARRAY_Base
UNDEFED    __TI_INITARRAY_Limit
0000e56a   __TI_ISR_TRAP
00000001   __TI_args_main
0000e52e   __TI_decompress_none
0000e570   __TI_decompress_rle24
00000001   __TI_exit
0000ffe4   __TI_int02
0000ffe6   __TI_int03
0000ffe8   __TI_int04
0000ffea   __TI_int05
0000fff0   __TI_int08
0000fff2   __TI_int09
0000fff4   __TI_int10
0000fff6   __TI_int11
0000fffc   __TI_int14
0000e506   __TI_zero_init
ffffffff   __binit__
ffffffff   __c_args__
0000e454   __mspabi_divi
0000e4f0   __mspabi_divu
0000e33c   __mspabi_divul
0000e55e   __mspabi_func_epilog_1
0000e55c   __mspabi_func_epilog_2
0000e55a   __mspabi_func_epilog_3
0000e558   __mspabi_func_epilog_4
0000e556   __mspabi_func_epilog_5
0000e554   __mspabi_func_epilog_6
0000e552   __mspabi_func_epilog_7
0000e51a   __mspabi_mpyi
0000e480   __mspabi_mpyl
0000e454   __mspabi_remi
0000e4f0   __mspabi_remu
0000e33c   __mspabi_remul
0000e334   __mspabi_srll_1
0000e2fe   __mspabi_srll_10
0000e2f8   __mspabi_srll_11
0000e2f2   __mspabi_srll_12
0000e2ec   __mspabi_srll_13
0000e2e6   __mspabi_srll_14
0000e2e0   __mspabi_srll_15
0000e32e   __mspabi_srll_2
0000e328   __mspabi_srll_3
0000e322   __mspabi_srll_4
0000e31c   __mspabi_srll_5
0000e316   __mspabi_srll_6
0000e310   __mspabi_srll_7
0000e30a   __mspabi_srll_8
0000e304   __mspabi_srll_9
0000e282   _auto_init
0000e4c0   _c_int00
0000e4c0   _c_int00_noexit
0000fffe   _reset_vector
000002b0   _stack
0000e576   _system_pre_init
0000e57a   abort
00000208   adc_val
ffffffff   binit
0000e1c0   convertADC
0000e000   main
0000e540   memcpy


GLOBAL SYMBOLS: SORTED BY Symbol Address 

address    name
--------   ----
00000000   IE1
00000001   __TI_args_main
00000001   __TI_exit
00000002   IFG1
00000020   P1IN
00000021   P1OUT
00000022   P1DIR
00000023   P1IFG
00000024   P1IES
00000025   P1IE
00000026   P1SEL
00000027   P1REN
00000028   P2IN
00000029   P2OUT
0000002a   P2DIR
0000002b   P2IFG
0000002c   P2IES
0000002d   P2IE
0000002e   P2SEL
0000002f   P2REN
00000041   P1SEL2
00000042   P2SEL2
00000048   ADC10DTC0
00000049   ADC10DTC1
0000004a   ADC10AE0
00000050   __STACK_SIZE
00000053   BCSCTL3
00000056   DCOCTL
00000057   BCSCTL1
00000058   BCSCTL2
00000059   CACTL1
0000005a   CACTL2
0000005b   CAPD
00000078   USICTL
00000078   USICTL0
00000079   USICTL1
0000007a   USICCTL
0000007a   USICKCTL
0000007b   USICNT
0000007c   USISR
0000007c   USISRL
0000007d   USISRH
00000120   WDTCTL
00000128   FCTL1
0000012a   FCTL2
0000012c   FCTL3
0000012e   TA0IV
00000160   TA0CTL
00000162   TA0CCTL0
00000164   TA0CCTL1
00000166   TA0CCTL2
00000170   TA0R
00000172   TA0CCR0
00000174   TA0CCR1
00000176   TA0CCR2
000001b0   ADC10CTL0
000001b2   ADC10CTL1
000001b4   ADC10MEM
000001bc   ADC10SA
00000200   ADC_Str
00000208   adc_val
0000020a   LCD_IsReverse
000002b0   _stack
00000300   __STACK_END
000010f8   CALDCO_16MHZ
000010f9   CALBC1_16MHZ
000010fa   CALDCO_12MHZ
000010fb   CALBC1_12MHZ
000010fc   CALDCO_8MHZ
000010fd   CALBC1_8MHZ
000010fe   CALDCO_1MHZ
000010ff   CALBC1_1MHZ
0000e000   main
0000e142   LCD_init
0000e1c0   convertADC
0000e282   _auto_init
0000e2e0   __mspabi_srll_15
0000e2e6   __mspabi_srll_14
0000e2ec   __mspabi_srll_13
0000e2f2   __mspabi_srll_12
0000e2f8   __mspabi_srll_11
0000e2fe   __mspabi_srll_10
0000e304   __mspabi_srll_9
0000e30a   __mspabi_srll_8
0000e310   __mspabi_srll_7
0000e316   __mspabi_srll_6
0000e31c   __mspabi_srll_5
0000e322   __mspabi_srll_4
0000e328   __mspabi_srll_3
0000e32e   __mspabi_srll_2
0000e334   __mspabi_srll_1
0000e33c   __mspabi_divul
0000e33c   __mspabi_remul
0000e394   LCD_write
0000e3e2   LCD_writeChar
0000e426   LCD_clear
0000e454   __mspabi_divi
0000e454   __mspabi_remi
0000e480   __mspabi_mpyl
0000e4a6   LCD_gotoXY
0000e4c0   _c_int00
0000e4c0   _c_int00_noexit
0000e4da   LCD_writeString
0000e4f0   __mspabi_divu
0000e4f0   __mspabi_remu
0000e506   __TI_zero_init
0000e51a   __mspabi_mpyi
0000e52e   __TI_decompress_none
0000e540   memcpy
0000e552   __mspabi_func_epilog_7
0000e554   __mspabi_func_epilog_6
0000e556   __mspabi_func_epilog_5
0000e558   __mspabi_func_epilog_4
0000e55a   __mspabi_func_epilog_3
0000e55c   __mspabi_func_epilog_2
0000e55e   __mspabi_func_epilog_1
0000e562   ADC10_ISR
0000e56a   __TI_ISR_TRAP
0000e570   __TI_decompress_rle24
0000e576   _system_pre_init
0000e57a   C$$EXIT
0000e57a   abort
0000e776   __TI_Handler_Table_Base
0000e77c   __TI_Handler_Table_Limit
0000e786   __TI_CINIT_Base
0000e78e   __TI_CINIT_Limit
0000ffe4   __TI_int02
0000ffe6   __TI_int03
0000ffe8   __TI_int04
0000ffea   __TI_int05
0000fff0   __TI_int08
0000fff2   __TI_int09
0000fff4   __TI_int10
0000fff6   __TI_int11
0000fffc   __TI_int14
0000fffe   _reset_vector
ffffffff   __binit__
ffffffff   __c_args__
ffffffff   binit
UNDEFED    __TI_INITARRAY_Base
UNDEFED    __TI_INITARRAY_Limit

[141 symbols]
